Archive member included to satisfy reference by file (symbol)

C:/ST/STM32CubeIDE_1.19.0/STM32CubeIDE/plugins/com.st.stm32cube.ide.mcu.externaltools.gnu-tools-for-stm32.13.3.rel1.win32_1.0.0.202411081344/tools/bin/../lib/gcc/arm-none-eabi/13.3.1/../../../../arm-none-eabi/lib/thumb/v7e-m+fp/hard\libc_nano.a(libc_a-exit.o)
                              C:/ST/STM32CubeIDE_1.19.0/STM32CubeIDE/plugins/com.st.stm32cube.ide.mcu.externaltools.gnu-tools-for-stm32.13.3.rel1.win32_1.0.0.202411081344/tools/bin/../lib/gcc/arm-none-eabi/13.3.1/../../../../arm-none-eabi/lib/thumb/v7e-m+fp/hard/crt0.o (exit)
C:/ST/STM32CubeIDE_1.19.0/STM32CubeIDE/plugins/com.st.stm32cube.ide.mcu.externaltools.gnu-tools-for-stm32.13.3.rel1.win32_1.0.0.202411081344/tools/bin/../lib/gcc/arm-none-eabi/13.3.1/../../../../arm-none-eabi/lib/thumb/v7e-m+fp/hard\libc_nano.a(libc_a-malloc.o)
                              ./Middlewares/Third_Party/FatFs/src/option/syscall.o (malloc)
C:/ST/STM32CubeIDE_1.19.0/STM32CubeIDE/plugins/com.st.stm32cube.ide.mcu.externaltools.gnu-tools-for-stm32.13.3.rel1.win32_1.0.0.202411081344/tools/bin/../lib/gcc/arm-none-eabi/13.3.1/../../../../arm-none-eabi/lib/thumb/v7e-m+fp/hard\libc_nano.a(libc_a-mallocr.o)
                              C:/ST/STM32CubeIDE_1.19.0/STM32CubeIDE/plugins/com.st.stm32cube.ide.mcu.externaltools.gnu-tools-for-stm32.13.3.rel1.win32_1.0.0.202411081344/tools/bin/../lib/gcc/arm-none-eabi/13.3.1/../../../../arm-none-eabi/lib/thumb/v7e-m+fp/hard\libc_nano.a(libc_a-malloc.o) (_malloc_r)
C:/ST/STM32CubeIDE_1.19.0/STM32CubeIDE/plugins/com.st.stm32cube.ide.mcu.externaltools.gnu-tools-for-stm32.13.3.rel1.win32_1.0.0.202411081344/tools/bin/../lib/gcc/arm-none-eabi/13.3.1/../../../../arm-none-eabi/lib/thumb/v7e-m+fp/hard\libc_nano.a(libc_a-mlock.o)
                              C:/ST/STM32CubeIDE_1.19.0/STM32CubeIDE/plugins/com.st.stm32cube.ide.mcu.externaltools.gnu-tools-for-stm32.13.3.rel1.win32_1.0.0.202411081344/tools/bin/../lib/gcc/arm-none-eabi/13.3.1/../../../../arm-none-eabi/lib/thumb/v7e-m+fp/hard\libc_nano.a(libc_a-mallocr.o) (__malloc_lock)
C:/ST/STM32CubeIDE_1.19.0/STM32CubeIDE/plugins/com.st.stm32cube.ide.mcu.externaltools.gnu-tools-for-stm32.13.3.rel1.win32_1.0.0.202411081344/tools/bin/../lib/gcc/arm-none-eabi/13.3.1/../../../../arm-none-eabi/lib/thumb/v7e-m+fp/hard\libc_nano.a(libc_a-findfp.o)
                              C:/ST/STM32CubeIDE_1.19.0/STM32CubeIDE/plugins/com.st.stm32cube.ide.mcu.externaltools.gnu-tools-for-stm32.13.3.rel1.win32_1.0.0.202411081344/tools/bin/../lib/gcc/arm-none-eabi/13.3.1/../../../../arm-none-eabi/lib/thumb/v7e-m+fp/hard\libc_nano.a(libc_a-exit.o) (__stdio_exit_handler)
C:/ST/STM32CubeIDE_1.19.0/STM32CubeIDE/plugins/com.st.stm32cube.ide.mcu.externaltools.gnu-tools-for-stm32.13.3.rel1.win32_1.0.0.202411081344/tools/bin/../lib/gcc/arm-none-eabi/13.3.1/../../../../arm-none-eabi/lib/thumb/v7e-m+fp/hard\libc_nano.a(libc_a-fwalk.o)
                              C:/ST/STM32CubeIDE_1.19.0/STM32CubeIDE/plugins/com.st.stm32cube.ide.mcu.externaltools.gnu-tools-for-stm32.13.3.rel1.win32_1.0.0.202411081344/tools/bin/../lib/gcc/arm-none-eabi/13.3.1/../../../../arm-none-eabi/lib/thumb/v7e-m+fp/hard\libc_nano.a(libc_a-findfp.o) (_fwalk_sglue)
C:/ST/STM32CubeIDE_1.19.0/STM32CubeIDE/plugins/com.st.stm32cube.ide.mcu.externaltools.gnu-tools-for-stm32.13.3.rel1.win32_1.0.0.202411081344/tools/bin/../lib/gcc/arm-none-eabi/13.3.1/../../../../arm-none-eabi/lib/thumb/v7e-m+fp/hard\libc_nano.a(libc_a-stdio.o)
                              C:/ST/STM32CubeIDE_1.19.0/STM32CubeIDE/plugins/com.st.stm32cube.ide.mcu.externaltools.gnu-tools-for-stm32.13.3.rel1.win32_1.0.0.202411081344/tools/bin/../lib/gcc/arm-none-eabi/13.3.1/../../../../arm-none-eabi/lib/thumb/v7e-m+fp/hard\libc_nano.a(libc_a-findfp.o) (__sread)
C:/ST/STM32CubeIDE_1.19.0/STM32CubeIDE/plugins/com.st.stm32cube.ide.mcu.externaltools.gnu-tools-for-stm32.13.3.rel1.win32_1.0.0.202411081344/tools/bin/../lib/gcc/arm-none-eabi/13.3.1/../../../../arm-none-eabi/lib/thumb/v7e-m+fp/hard\libc_nano.a(libc_a-memset.o)
                              C:/ST/STM32CubeIDE_1.19.0/STM32CubeIDE/plugins/com.st.stm32cube.ide.mcu.externaltools.gnu-tools-for-stm32.13.3.rel1.win32_1.0.0.202411081344/tools/bin/../lib/gcc/arm-none-eabi/13.3.1/../../../../arm-none-eabi/lib/thumb/v7e-m+fp/hard/crt0.o (memset)
C:/ST/STM32CubeIDE_1.19.0/STM32CubeIDE/plugins/com.st.stm32cube.ide.mcu.externaltools.gnu-tools-for-stm32.13.3.rel1.win32_1.0.0.202411081344/tools/bin/../lib/gcc/arm-none-eabi/13.3.1/../../../../arm-none-eabi/lib/thumb/v7e-m+fp/hard\libc_nano.a(libc_a-closer.o)
                              C:/ST/STM32CubeIDE_1.19.0/STM32CubeIDE/plugins/com.st.stm32cube.ide.mcu.externaltools.gnu-tools-for-stm32.13.3.rel1.win32_1.0.0.202411081344/tools/bin/../lib/gcc/arm-none-eabi/13.3.1/../../../../arm-none-eabi/lib/thumb/v7e-m+fp/hard\libc_nano.a(libc_a-stdio.o) (_close_r)
[...]
Memory Configuration

Name             Origin             Length             Attributes
CCMRAM           0x10000000         0x00010000         xrw
RAM              0x20000000         0x00020000         xrw
FLASH            0x08000000         0x00100000         xr
*default*        0x00000000         0xffffffff

Linker script and memory map

LOAD C:/ST/STM32CubeIDE_1.19.0/STM32CubeIDE/plugins/com.st.stm32cube.ide.mcu.externaltools.gnu-tools-for-stm32.13.3.rel1.win32_1.0.0.202411081344/tools/bin/../lib/gcc/arm-none-eabi/13.3.1/thumb/v7e-m+fp/hard/crti.o
LOAD C:/ST/STM32CubeIDE_1.19.0/STM32CubeIDE/plugins/com.st.stm32cube.ide.mcu.externaltools.gnu-tools-for-stm32.13.3.rel1.win32_1.0.0.202411081344/tools/bin/../lib/gcc/arm-none-eabi/13.3.1/thumb/v7e-m+fp/hard/crtbegin.o
LOAD C:/ST/STM32CubeIDE_1.19.0/STM32CubeIDE/plugins/com.st.stm32cube.ide.mcu.externaltools.gnu-tools-for-stm32.13.3.rel1.win32_1.0.0.202411081344/tools/bin/../lib/gcc/arm-none-eabi/13.3.1/../../../../arm-none-eabi/lib/thumb/v7e-m+fp/hard/crt0.o
LOAD ./Core/Src/main.o
LOAD ./Core/Src/stm32f4xx_hal_msp.o
LOAD ./Core/Src/stm32f4xx_it.o
LOAD ./Core/Src/syscalls.o
LOAD ./Core/Src/sysmem.o
LOAD ./Core/Src/system_stm32f4xx.o
LOAD ./Core/Startup/startup_stm32f405rgtx.o
LOAD ./Drivers/OLED/ssd1306.o
LOAD ./Drivers/OLED/ssd1306_fonts.o
LOAD ./Drivers/STM32F4xx_HAL_Driver/Src/stm32f4xx_hal.o
LOAD ./Drivers/STM32F4xx_HAL_Driver/Src/stm32f4xx_hal_cortex.o
LOAD ./Drivers/STM32F4xx_HAL_Driver/Src/stm32f4xx_hal_dma.o
LOAD ./Drivers/STM32F4xx_HAL_Driver/Src/stm32f4xx_hal_dma_ex.o
LOAD ./Drivers/STM32F4xx_HAL_Driver/Src/stm32f4xx_hal_exti.o
LOAD ./Drivers/STM32F4xx_HAL_Driver/Src/stm32f4xx_hal_flash.o
LOAD ./Drivers/STM32F4xx_HAL_Driver/Src/stm32f4xx_hal_flash_ex.o
LOAD ./Drivers/STM32F4xx_HAL_Driver/Src/stm32f4xx_hal_flash_ramfunc.o
LOAD ./Drivers/STM32F4xx_HAL_Driver/Src/stm32f4xx_hal_gpio.o
LOAD ./Drivers/STM32F4xx_HAL_Driver/Src/stm32f4xx_hal_i2c.o
LOAD ./Drivers/STM32F4xx_HAL_Driver/Src/stm32f4xx_hal_i2c_ex.o
LOAD ./Drivers/STM32F4xx_HAL_Driver/Src/stm32f4xx_hal_pwr.o
LOAD ./Drivers/STM32F4xx_HAL_Driver/Src/stm32f4xx_hal_pwr_ex.o
LOAD ./Drivers/STM32F4xx_HAL_Driver/Src/stm32f4xx_hal_rcc.o
LOAD ./Drivers/STM32F4xx_HAL_Driver/Src/stm32f4xx_hal_rcc_ex.o
LOAD ./Drivers/STM32F4xx_HAL_Driver/Src/stm32f4xx_hal_spi.o
LOAD ./FATFS/App/fatfs.o
LOAD ./FATFS/Target/user_diskio.o
LOAD ./Middlewares/Third_Party/FatFs/src/diskio.o
LOAD ./Middlewares/Third_Party/FatFs/src/ff.o
LOAD ./Middlewares/Third_Party/FatFs/src/ff_gen_drv.o
LOAD ./Middlewares/Third_Party/FatFs/src/option/ccsbcs.o
LOAD ./Middlewares/Third_Party/FatFs/src/option/syscall.o
START GROUP
LOAD C:/ST/STM32CubeIDE_1.19.0/STM32CubeIDE/plugins/com.st.stm32cube.ide.mcu.externaltools.gnu-tools-for-stm32.13.3.rel1.win32_1.0.0.202411081344/tools/bin/../lib/gcc/arm-none-eabi/13.3.1/../../../../arm-none-eabi/lib/thumb/v7e-m+fp/hard\libc_nano.a
LOAD C:/ST/STM32CubeIDE_1.19.0/STM32CubeIDE/plugins/com.st.stm32cube.ide.mcu.externaltools.gnu-tools-for-stm32.13.3.rel1.win32_1.0.0.202411081344/tools/bin/../lib/gcc/arm-none-eabi/13.3.1/../../../../arm-none-eabi/lib/thumb/v7e-m+fp/hard\libm.a
END GROUP
START GROUP
LOAD C:/ST/STM32CubeIDE_1.19.0/STM32CubeIDE/plugins/com.st.stm32cube.ide.mcu.externaltools.gnu-tools-for-stm32.13.3.rel1.win32_1.0.0.202411081344/tools/bin/../lib/gcc/arm-none-eabi/13.3.1/thumb/v7e-m+fp/hard\libgcc.a
LOAD C:/ST/STM32CubeIDE_1.19.0/STM32CubeIDE/plugins/com.st.stm32cube.ide.mcu.externaltools.gnu-tools-for-stm32.13.3.rel1.win32_1.0.0.202411081344/tools/bin/../lib/gcc/arm-none-eabi/13.3.1/../../../../arm-none-eabi/lib/thumb/v7e-m+fp/hard\libc_nano.a
END GROUP
START GROUP
LOAD C:/ST/STM32CubeIDE_1.19.0/STM32CubeIDE/plugins/com.st.stm32cube.ide.mcu.externaltools.gnu-tools-for-stm32.13.3.rel1.win32_1.0.0.202411081344/tools/bin/../lib/gcc/arm-none-eabi/13.3.1/thumb/v7e-m+fp/hard\libgcc.a
LOAD C:/ST/STM32CubeIDE_1.19.0/STM32CubeIDE/plugins/com.st.stm32cube.ide.mcu.externaltools.gnu-tools-for-stm32.13.3.rel1.win32_1.0.0.202411081344/tools/bin/../lib/gcc/arm-none-eabi/13.3.1/../../../../arm-none-eabi/lib/thumb/v7e-m+fp/hard\libc_nano.a
LOAD C:/ST/STM32CubeIDE_1.19.0/STM32CubeIDE/plugins/com.st.stm32cube.ide.mcu.externaltools.gnu-tools-for-stm32.13.3.rel1.win32_1.0.0.202411081344/tools/bin/../lib/gcc/arm-none-eabi/13.3.1/../../../../arm-none-eabi/lib/thumb/v7e-m+fp/hard\libnosys.a
END GROUP
START GROUP
LOAD C:/ST/STM32CubeIDE_1.19.0/STM32CubeIDE/plugins/com.st.stm32cube.ide.mcu.externaltools.gnu-tools-for-stm32.13.3.rel1.win32_1.0.0.202411081344/tools/bin/../lib/gcc/arm-none-eabi/13.3.1/thumb/v7e-m+fp/hard\libgcc.a
LOAD C:/ST/STM32CubeIDE_1.19.0/STM32CubeIDE/plugins/com.st.stm32cube.ide.mcu.externaltools.gnu-tools-for-stm32.13.3.rel1.win32_1.0.0.202411081344/tools/bin/../lib/gcc/arm-none-eabi/13.3.1/../../../../arm-none-eabi/lib/thumb/v7e-m+fp/hard\libc_nano.a
LOAD C:/ST/STM32CubeIDE_1.19.0/STM32CubeIDE/plugins/com.st.stm32cube.ide.mcu.externaltools.gnu-tools-for-stm32.13.3.rel1.win32_1.0.0.202411081344/tools/bin/../lib/gcc/arm-none-eabi/13.3.1/../../../../arm-none-eabi/lib/thumb/v7e-m+fp/hard\libnosys.a
END GROUP
LOAD C:/ST/STM32CubeIDE_1.19.0/STM32CubeIDE/plugins/com.st.stm32cube.ide.mcu.externaltools.gnu-tools-for-stm32.13.3.rel1.win32_1.0.0.202411081344/tools/bin/../lib/gcc/arm-none-eabi/13.3.1/thumb/v7e-m+fp/hard/crtend.o
LOAD C:/ST/STM32CubeIDE_1.19.0/STM32CubeIDE/plugins/com.st.stm32cube.ide.mcu.externaltools.gnu-tools-for-stm32.13.3.rel1.win32_1.0.0.202411081344/tools/bin/../lib/gcc/arm-none-eabi/13.3.1/thumb/v7e-m+fp/hard/crtn.o
                0x20020000                        _estack = (ORIGIN (RAM) + LENGTH (RAM))
                0x00000200                        _Min_Heap_Size = 0x200
                0x00000400                        _Min_Stack_Size = 0x400

.isr_vector     0x08000000      0x188
                0x08000000                        . = ALIGN (0x4)
 *(.isr_vector)
 .isr_vector    0x08000000      0x188 ./Core/Startup/startup_stm32f405rgtx.o
                0x08000000                g_pfnVectors
                0x08000188                        . = ALIGN (0x4)

.text           0x08000188     0x2880
                0x08000188                        . = ALIGN (0x4)
 *(.text)
 .text          0x08000188       0x40 C:/ST/STM32CubeIDE_1.19.0/STM32CubeIDE/plugins/com.st.stm32cube.ide.mcu.externaltools.gnu-tools-for-stm32.13.3.rel1.win32_1.0.0.202411081344/tools/bin/../lib/gcc/arm-none-eabi/13.3.1/thumb/v7e-m+fp/hard/crtbegin.o
 .text          0x080001c8       0x30 C:/ST/STM32CubeIDE_1.19.0/STM32CubeIDE/plugins/com.st.stm32cube.ide.mcu.externaltools.gnu-tools-for-stm32.13.3.rel1.win32_1.0.0.202411081344/tools/bin/../lib/gcc/arm-none-eabi/13.3.1/thumb/v7e-m+fp/hard\libgcc.a(_aeabi_uldivmod.o)
                0x080001c8                __aeabi_uldivmod
 .text          0x080001f8      0x2f8 C:/ST/STM32CubeIDE_1.19.0/STM32CubeIDE/plugins/com.st.stm32cube.ide.mcu.externaltools.gnu-tools-for-stm32.13.3.rel1.win32_1.0.0.202411081344/tools/bin/../lib/gcc/arm-none-eabi/13.3.1/thumb/v7e-m+fp/hard\libgcc.a(_udivmoddi4.o)
                0x080001f8                __udivmoddi4
 .text          0x080004f0        0x4 C:/ST/STM32CubeIDE_1.19.0/STM32CubeIDE/plugins/com.st.stm32cube.ide.mcu.externaltools.gnu-tools-for-stm32.13.3.rel1.win32_1.0.0.202411081344/tools/bin/../lib/gcc/arm-none-eabi/13.3.1/thumb/v7e-m+fp/hard\libgcc.a(_dvmd_tls.o)
                0x080004f0                __aeabi_idiv0
                0x080004f0                __aeabi_ldiv0
 *(.text*)
 .text.main     0x080004f4       0xb8 ./Core/Src/main.o
                0x080004f4                main
 .text.SystemClock_Config
                0x080005ac       0xbc ./Core/Src/main.o
                0x080005ac                SystemClock_Config
 .text.MX_I2C2_Init
                0x08000668       0x5c ./Core/Src/main.o
 .text.MX_SPI3_Init
                0x080006c4       0x6c ./Core/Src/main.o
 .text.MX_GPIO_Init
                0x08000730       0xbc ./Core/Src/main.o
 .text.Error_Handler
                0x080007ec        0xc ./Core/Src/main.o
                0x080007ec                Error_Handler
 .text.HAL_MspInit
                0x080007f8       0x50 ./Core/Src/stm32f4xx_hal_msp.o
                0x080007f8                HAL_MspInit
 .text.HAL_I2C_MspInit
                0x08000848       0x90 ./Core/Src/stm32f4xx_hal_msp.o
                0x08000848                HAL_I2C_MspInit
 .text.HAL_SPI_MspInit
                0x080008d8       0x90 ./Core/Src/stm32f4xx_hal_msp.o
                0x080008d8                HAL_SPI_MspInit
 .text.NMI_Handler
                0x08000968        0x8 ./Core/Src/stm32f4xx_it.o
                0x08000968                NMI_Handler
 .text.HardFault_Handler
                0x08000970        0x8 ./Core/Src/stm32f4xx_it.o
                0x08000970                HardFault_Handler
 .text.MemManage_Handler
                0x08000978        0x8 ./Core/Src/stm32f4xx_it.o
                0x08000978                MemManage_Handler
 .text.BusFault_Handler
                0x08000980        0x8 ./Core/Src/stm32f4xx_it.o
                0x08000980                BusFault_Handler
 .text.UsageFault_Handler
                0x08000988        0x8 ./Core/Src/stm32f4xx_it.o
                0x08000988                UsageFault_Handler
 .text.SVC_Handler
                0x08000990        0xe ./Core/Src/stm32f4xx_it.o
                0x08000990                SVC_Handler
 .text.DebugMon_Handler
                0x0800099e        0xe ./Core/Src/stm32f4xx_it.o
                0x0800099e                DebugMon_Handler
 .text.PendSV_Handler
                0x080009ac        0xe ./Core/Src/stm32f4xx_it.o
                0x080009ac                PendSV_Handler
 .text.SysTick_Handler
                0x080009ba        0xc ./Core/Src/stm32f4xx_it.o
                0x080009ba                SysTick_Handler
 *fill*         0x080009c6        0x2 
 .text.SystemInit
                0x080009c8       0x24 ./Core/Src/system_stm32f4xx.o
                0x080009c8                SystemInit
 .text.Reset_Handler
                0x080009ec       0x50 ./Core/Startup/startup_stm32f405rgtx.o
                0x080009ec                Reset_Handler
 .text.Default_Handler
                0x08000a3c        0x2 ./Core/Startup/startup_stm32f405rgtx.o
                0x08000a3c                RTC_Alarm_IRQHandler
                0x08000a3c                HASH_RNG_IRQHandler
                0x08000a3c                EXTI2_IRQHandler
                0x08000a3c                TIM8_CC_IRQHandler
                0x08000a3c                TIM1_CC_IRQHandler
                0x08000a3c                DMA2_Stream5_IRQHandler
                0x08000a3c                DMA1_Stream5_IRQHandler
                0x08000a3c                PVD_IRQHandler
                0x08000a3c                SDIO_IRQHandler
                0x08000a3c                TAMP_STAMP_IRQHandler
                0x08000a3c                CAN2_RX1_IRQHandler
                0x08000a3c                EXTI3_IRQHandler
                0x08000a3c                TIM8_TRG_COM_TIM14_IRQHandler
                0x08000a3c                TIM1_UP_TIM10_IRQHandler
                0x08000a3c                TIM8_UP_TIM13_IRQHandler
                0x08000a3c                I2C3_ER_IRQHandler
                0x08000a3c                EXTI0_IRQHandler
                0x08000a3c                I2C2_EV_IRQHandler
                0x08000a3c                DMA1_Stream2_IRQHandler
                0x08000a3c                CAN1_RX0_IRQHandler
                0x08000a3c                FPU_IRQHandler
                0x08000a3c                OTG_HS_WKUP_IRQHandler
                0x08000a3c                CAN2_SCE_IRQHandler
                0x08000a3c                DMA2_Stream2_IRQHandler
                0x08000a3c                SPI1_IRQHandler
                0x08000a3c                TIM6_DAC_IRQHandler
                0x08000a3c                TIM1_BRK_TIM9_IRQHandler
                0x08000a3c                CAN2_RX0_IRQHandler
                0x08000a3c                DMA2_Stream3_IRQHandler
                0x08000a3c                USART6_IRQHandler
                0x08000a3c                USART3_IRQHandler
                0x08000a3c                CAN1_RX1_IRQHandler
                0x08000a3c                UART5_IRQHandler
                0x08000a3c                DMA2_Stream0_IRQHandler
                0x08000a3c                TIM4_IRQHandler
                0x08000a3c                I2C1_EV_IRQHandler
                0x08000a3c                DMA1_Stream6_IRQHandler
                0x08000a3c                DMA1_Stream1_IRQHandler
                0x08000a3c                UART4_IRQHandler
                0x08000a3c                TIM3_IRQHandler
                0x08000a3c                RCC_IRQHandler
                0x08000a3c                TIM8_BRK_TIM12_IRQHandler
                0x08000a3c                Default_Handler
                0x08000a3c                EXTI15_10_IRQHandler
                0x08000a3c                ADC_IRQHandler
                0x08000a3c                DMA1_Stream7_IRQHandler
                0x08000a3c                TIM7_IRQHandler
                0x08000a3c                CAN2_TX_IRQHandler
                0x08000a3c                TIM5_IRQHandler
                0x08000a3c                DMA2_Stream7_IRQHandler
                0x08000a3c                I2C3_EV_IRQHandler
                0x08000a3c                EXTI9_5_IRQHandler
                0x08000a3c                RTC_WKUP_IRQHandler
                0x08000a3c                SPI2_IRQHandler
                0x08000a3c                OTG_HS_EP1_IN_IRQHandler
                0x08000a3c                DMA1_Stream0_IRQHandler
                0x08000a3c                CAN1_TX_IRQHandler
                0x08000a3c                EXTI4_IRQHandler
                0x08000a3c                FSMC_IRQHandler
                0x08000a3c                OTG_HS_EP1_OUT_IRQHandler
                0x08000a3c                WWDG_IRQHandler
                0x08000a3c                TIM2_IRQHandler
                0x08000a3c                OTG_FS_WKUP_IRQHandler
                0x08000a3c                TIM1_TRG_COM_TIM11_IRQHandler
                0x08000a3c                OTG_HS_IRQHandler
                0x08000a3c                EXTI1_IRQHandler
                0x08000a3c                USART2_IRQHandler
                0x08000a3c                I2C2_ER_IRQHandler
                0x08000a3c                DMA2_Stream1_IRQHandler
                0x08000a3c                CAN1_SCE_IRQHandler
                0x08000a3c                FLASH_IRQHandler
                0x08000a3c                DMA2_Stream4_IRQHandler
                0x08000a3c                USART1_IRQHandler
                0x08000a3c                OTG_FS_IRQHandler
                0x08000a3c                SPI3_IRQHandler
                0x08000a3c                DMA1_Stream4_IRQHandler
                0x08000a3c                I2C1_ER_IRQHandler
                0x08000a3c                DMA2_Stream6_IRQHandler
                0x08000a3c                DMA1_Stream3_IRQHandler
 .text.ssd1306_Reset
                0x08000a3e        0xe ./Drivers/OLED/ssd1306.o
                0x08000a3e                ssd1306_Reset
 .text.ssd1306_WriteCommand
                0x08000a4c       0x30 ./Drivers/OLED/ssd1306.o
                0x08000a4c                ssd1306_WriteCommand
 .text.ssd1306_WriteData
                0x08000a7c       0x34 ./Drivers/OLED/ssd1306.o
                0x08000a7c                ssd1306_WriteData
 .text.ssd1306_Init
                0x08000ab0       0xd4 ./Drivers/OLED/ssd1306.o
                0x08000ab0                ssd1306_Init
 .text.ssd1306_Fill
                0x08000b84       0x30 ./Drivers/OLED/ssd1306.o
                0x08000b84                ssd1306_Fill
 .text.ssd1306_UpdateScreen
                0x08000bb4       0x50 ./Drivers/OLED/ssd1306.o
                0x08000bb4                ssd1306_UpdateScreen
 .text.ssd1306_DrawPixel
                0x08000c04       0xa8 ./Drivers/OLED/ssd1306.o
                0x08000c04                ssd1306_DrawPixel
 .text.ssd1306_WriteChar
                0x08000cac      0x124 ./Drivers/OLED/ssd1306.o
                0x08000cac                ssd1306_WriteChar
 .text.ssd1306_WriteString
                0x08000dd0       0x4c ./Drivers/OLED/ssd1306.o
                0x08000dd0                ssd1306_WriteString
 .text.ssd1306_SetCursor
                0x08000e1c       0x30 ./Drivers/OLED/ssd1306.o
                0x08000e1c                ssd1306_SetCursor
 .text.ssd1306_SetContrast
                0x08000e4c       0x26 ./Drivers/OLED/ssd1306.o
                0x08000e4c                ssd1306_SetContrast
 *fill*         0x08000e72        0x2 
 .text.ssd1306_SetDisplayOn
                0x08000e74       0x3c ./Drivers/OLED/ssd1306.o
                0x08000e74                ssd1306_SetDisplayOn
 .text.HAL_Init
                0x08000eb0       0x44 ./Drivers/STM32F4xx_HAL_Driver/Src/stm32f4xx_hal.o
                0x08000eb0                HAL_Init
 .text.HAL_InitTick
                0x08000ef4       0x60 ./Drivers/STM32F4xx_HAL_Driver/Src/stm32f4xx_hal.o
                0x08000ef4                HAL_InitTick
 .text.HAL_IncTick
                0x08000f54       0x28 ./Drivers/STM32F4xx_HAL_Driver/Src/stm32f4xx_hal.o
                0x08000f54                HAL_IncTick
 .text.HAL_GetTick
                0x08000f7c       0x18 ./Drivers/STM32F4xx_HAL_Driver/Src/stm32f4xx_hal.o
                0x08000f7c                HAL_GetTick
 .text.HAL_Delay
                0x08000f94       0x48 ./Drivers/STM32F4xx_HAL_Driver/Src/stm32f4xx_hal.o
                0x08000f94                HAL_Delay
 .text.__NVIC_SetPriorityGrouping
                0x08000fdc       0x48 ./Drivers/STM32F4xx_HAL_Driver/Src/stm32f4xx_hal_cortex.o
 .text.__NVIC_GetPriorityGrouping
                0x08001024       0x1c ./Drivers/STM32F4xx_HAL_Driver/Src/stm32f4xx_hal_cortex.o
 .text.__NVIC_SetPriority
                0x08001040       0x54 ./Drivers/STM32F4xx_HAL_Driver/Src/stm32f4xx_hal_cortex.o
 .text.NVIC_EncodePriority
                0x08001094       0x66 ./Drivers/STM32F4xx_HAL_Driver/Src/stm32f4xx_hal_cortex.o
 *fill*         0x080010fa        0x2 
 .text.SysTick_Config
                0x080010fc       0x44 ./Drivers/STM32F4xx_HAL_Driver/Src/stm32f4xx_hal_cortex.o
 .text.HAL_NVIC_SetPriorityGrouping
                0x08001140       0x16 ./Drivers/STM32F4xx_HAL_Driver/Src/stm32f4xx_hal_cortex.o
                0x08001140                HAL_NVIC_SetPriorityGrouping
 .text.HAL_NVIC_SetPriority
                0x08001156       0x38 ./Drivers/STM32F4xx_HAL_Driver/Src/stm32f4xx_hal_cortex.o
                0x08001156                HAL_NVIC_SetPriority
 .text.HAL_SYSTICK_Config
                0x0800118e       0x18 ./Drivers/STM32F4xx_HAL_Driver/Src/stm32f4xx_hal_cortex.o
                0x0800118e                HAL_SYSTICK_Config
 *fill*         0x080011a6        0x2 
 .text.HAL_GPIO_Init
                0x080011a8      0x338 ./Drivers/STM32F4xx_HAL_Driver/Src/stm32f4xx_hal_gpio.o
                0x080011a8                HAL_GPIO_Init
 .text.HAL_GPIO_WritePin
                0x080014e0       0x32 ./Drivers/STM32F4xx_HAL_Driver/Src/stm32f4xx_hal_gpio.o
                0x080014e0                HAL_GPIO_WritePin
 *fill*         0x08001512        0x2 
 .text.HAL_I2C_Init
                0x08001514      0x288 ./Drivers/STM32F4xx_HAL_Driver/Src/stm32f4xx_hal_i2c.o
                0x08001514                HAL_I2C_Init
 .text.HAL_I2C_Mem_Write
                0x0800179c      0x1f4 ./Drivers/STM32F4xx_HAL_Driver/Src/stm32f4xx_hal_i2c.o
                0x0800179c                HAL_I2C_Mem_Write
 .text.I2C_RequestMemoryWrite
                0x08001990      0x12c ./Drivers/STM32F4xx_HAL_Driver/Src/stm32f4xx_hal_i2c.o
 .text.I2C_WaitOnFlagUntilTimeout
                0x08001abc       0xf4 ./Drivers/STM32F4xx_HAL_Driver/Src/stm32f4xx_hal_i2c.o
 .text.I2C_WaitOnMasterAddressFlagUntilTimeout
                0x08001bb0      0x140 ./Drivers/STM32F4xx_HAL_Driver/Src/stm32f4xx_hal_i2c.o
 .text.I2C_WaitOnTXEFlagUntilTimeout
                0x08001cf0       0x90 ./Drivers/STM32F4xx_HAL_Driver/Src/stm32f4xx_hal_i2c.o
 .text.I2C_WaitOnBTFFlagUntilTimeout
                0x08001d80       0x90 ./Drivers/STM32F4xx_HAL_Driver/Src/stm32f4xx_hal_i2c.o
 .text.I2C_IsAcknowledgeFailed
                0x08001e10       0x5e ./Drivers/STM32F4xx_HAL_Driver/Src/stm32f4xx_hal_i2c.o
 *fill*         0x08001e6e        0x2 
 .text.HAL_RCC_OscConfig
                0x08001e70      0x4f0 ./Drivers/STM32F4xx_HAL_Driver/Src/stm32f4xx_hal_rcc.o
                0x08001e70                HAL_RCC_OscConfig
 .text.HAL_RCC_ClockConfig
                0x08002360      0x1cc ./Drivers/STM32F4xx_HAL_Driver/Src/stm32f4xx_hal_rcc.o
                0x08002360                HAL_RCC_ClockConfig
 .text.HAL_RCC_GetSysClockFreq
                0x0800252c      0x18c ./Drivers/STM32F4xx_HAL_Driver/Src/stm32f4xx_hal_rcc.o
                0x0800252c                HAL_RCC_GetSysClockFreq
 .text.HAL_RCC_GetHCLKFreq
                0x080026b8       0x18 ./Drivers/STM32F4xx_HAL_Driver/Src/stm32f4xx_hal_rcc.o
                0x080026b8                HAL_RCC_GetHCLKFreq
 .text.HAL_RCC_GetPCLK1Freq
                0x080026d0       0x28 ./Drivers/STM32F4xx_HAL_Driver/Src/stm32f4xx_hal_rcc.o
                0x080026d0                HAL_RCC_GetPCLK1Freq
 .text.HAL_SPI_Init
                0x080026f8      0x112 ./Drivers/STM32F4xx_HAL_Driver/Src/stm32f4xx_hal_spi.o
                0x080026f8                HAL_SPI_Init
 *fill*         0x0800280a        0x2 
 .text.MX_FATFS_Init
                0x0800280c       0x24 ./FATFS/App/fatfs.o
                0x0800280c                MX_FATFS_Init
 .text.USER_initialize
                0x08002830       0x28 ./FATFS/Target/user_diskio.o
                0x08002830                USER_initialize
 .text.USER_status
                0x08002858       0x28 ./FATFS/Target/user_diskio.o
                0x08002858                USER_status
 .text.USER_read
                0x08002880       0x1e ./FATFS/Target/user_diskio.o
                0x08002880                USER_read
 .text.USER_write
                0x0800289e       0x1e ./FATFS/Target/user_diskio.o
                0x0800289e                USER_write
 .text.USER_ioctl
                0x080028bc       0x22 ./FATFS/Target/user_diskio.o
                0x080028bc                USER_ioctl
 *fill*         0x080028de        0x2 
 .text.FATFS_LinkDriverEx
                0x080028e0       0x98 ./Middlewares/Third_Party/FatFs/src/ff_gen_drv.o
                0x080028e0                FATFS_LinkDriverEx
 .text.FATFS_LinkDriver
                0x08002978       0x1e ./Middlewares/Third_Party/FatFs/src/ff_gen_drv.o
                0x08002978                FATFS_LinkDriver
 .text.memset   0x08002996       0x10 C:/ST/STM32CubeIDE_1.19.0/STM32CubeIDE/plugins/com.st.stm32cube.ide.mcu.externaltools.gnu-tools-for-stm32.13.3.rel1.win32_1.0.0.202411081344/tools/bin/../lib/gcc/arm-none-eabi/13.3.1/../../../../arm-none-eabi/lib/thumb/v7e-m+fp/hard\libc_nano.a(libc_a-memset.o)
                0x08002996                memset
 *fill*         0x080029a6        0x2 
 .text.__libc_init_array
                0x080029a8       0x48 C:/ST/STM32CubeIDE_1.19.0/STM32CubeIDE/plugins/com.st.stm32cube.ide.mcu.externaltools.gnu-tools-for-stm32.13.3.rel1.win32_1.0.0.202411081344/tools/bin/../lib/gcc/arm-none-eabi/13.3.1/../../../../arm-none-eabi/lib/thumb/v7e-m+fp/hard\libc_nano.a(libc_a-init.o)
                0x080029a8                __libc_init_array
 *(.glue_7)
 .glue_7        0x080029f0        0x0 linker stubs
 *(.glue_7t)
 .glue_7t       0x080029f0        0x0 linker stubs
 *(.eh_frame)
 .eh_frame      0x080029f0        0x0 C:/ST/STM32CubeIDE_1.19.0/STM32CubeIDE/plugins/com.st.stm32cube.ide.mcu.externaltools.gnu-tools-for-stm32.13.3.rel1.win32_1.0.0.202411081344/tools/bin/../lib/gcc/arm-none-eabi/13.3.1/thumb/v7e-m+fp/hard/crtbegin.o
 *(.init)
 .init          0x080029f0        0x4 C:/ST/STM32CubeIDE_1.19.0/STM32CubeIDE/plugins/com.st.stm32cube.ide.mcu.externaltools.gnu-tools-for-stm32.13.3.rel1.win32_1.0.0.202411081344/tools/bin/../lib/gcc/arm-none-eabi/13.3.1/thumb/v7e-m+fp/hard/crti.o
                0x080029f0                _init
 .init          0x080029f4        0x8 C:/ST/STM32CubeIDE_1.19.0/STM32CubeIDE/plugins/com.st.stm32cube.ide.mcu.externaltools.gnu-tools-for-stm32.13.3.rel1.win32_1.0.0.202411081344/tools/bin/../lib/gcc/arm-none-eabi/13.3.1/thumb/v7e-m+fp/hard/crtn.o
 *(.fini)
 .fini          0x080029fc        0x4 C:/ST/STM32CubeIDE_1.19.0/STM32CubeIDE/plugins/com.st.stm32cube.ide.mcu.externaltools.gnu-tools-for-stm32.13.3.rel1.win32_1.0.0.202411081344/tools/bin/../lib/gcc/arm-none-eabi/13.3.1/thumb/v7e-m+fp/hard/crti.o
                0x080029fc                _fini
 .fini          0x08002a00        0x8 C:/ST/STM32CubeIDE_1.19.0/STM32CubeIDE/plugins/com.st.stm32cube.ide.mcu.externaltools.gnu-tools-for-stm32.13.3.rel1.win32_1.0.0.202411081344/tools/bin/../lib/gcc/arm-none-eabi/13.3.1/thumb/v7e-m+fp/hard/crtn.o
                0x08002a08                        . = ALIGN (0x4)
                0x08002a08                        _etext = .

.vfp11_veneer   0x08002a08        0x0
 .vfp11_veneer  0x08002a08        0x0 linker stubs

.v4_bx          0x08002a08        0x0
 .v4_bx         0x08002a08        0x0 linker stubs

.iplt           0x08002a08        0x0
 .iplt          0x08002a08        0x0 C:/ST/STM32CubeIDE_1.19.0/STM32CubeIDE/plugins/com.st.stm32cube.ide.mcu.externaltools.gnu-tools-for-stm32.13.3.rel1.win32_1.0.0.202411081344/tools/bin/../lib/gcc/arm-none-eabi/13.3.1/thumb/v7e-m+fp/hard/crtbegin.o

.rodata         0x08002a08     0x1534
                0x08002a08                        . = ALIGN (0x4)
 *(.rodata)
 .rodata        0x08002a08       0x3c ./Core/Src/main.o
 *(.rodata*)
 .rodata.AHBPrescTable
                0x08002a44       0x10 ./Core/Src/system_stm32f4xx.o
                0x08002a44                AHBPrescTable
 .rodata.APBPrescTable
                0x08002a54        0x8 ./Core/Src/system_stm32f4xx.o
                0x08002a54                APBPrescTable
 .rodata.Font7x10
                0x08002a5c      0x76c ./Drivers/OLED/ssd1306_fonts.o
 .rodata.Font11x18
                0x080031c8      0xd5c ./Drivers/OLED/ssd1306_fonts.o
 .rodata.Font_7x10
                0x08003f24        0xc ./Drivers/OLED/ssd1306_fonts.o
                0x08003f24                Font_7x10
 .rodata.Font_11x18
                0x08003f30        0xc ./Drivers/OLED/ssd1306_fonts.o
                0x08003f30                Font_11x18
                0x08003f3c                        . = ALIGN (0x4)

.ARM.extab      0x08003f3c        0x0
                0x08003f3c                        . = ALIGN (0x4)
 *(.ARM.extab* .gnu.linkonce.armextab.*)
                0x08003f3c                        . = ALIGN (0x4)

.ARM            0x08003f3c        0x8
                0x08003f3c                        . = ALIGN (0x4)
                0x08003f3c                        __exidx_start = .
 *(.ARM.exidx*)
 .ARM.exidx     0x08003f3c        0x8 C:/ST/STM32CubeIDE_1.19.0/STM32CubeIDE/plugins/com.st.stm32cube.ide.mcu.externaltools.gnu-tools-for-stm32.13.3.rel1.win32_1.0.0.202411081344/tools/bin/../lib/gcc/arm-none-eabi/13.3.1/thumb/v7e-m+fp/hard\libgcc.a(_udivmoddi4.o)
                0x08003f44                        __exidx_end = .
                0x08003f44                        . = ALIGN (0x4)

.preinit_array  0x08003f44        0x0
                0x08003f44                        . = ALIGN (0x4)
                0x08003f44                        PROVIDE (__preinit_array_start = .)
 *(.preinit_array*)
                0x08003f44                        PROVIDE (__preinit_array_end = .)
                0x08003f44                        . = ALIGN (0x4)

.init_array     0x08003f44        0x4
                0x08003f44                        . = ALIGN (0x4)
                0x08003f44                        PROVIDE (__init_array_start = .)
 *(SORT_BY_NAME(.init_array.*))
 *(.init_array*)
 .init_array    0x08003f44        0x4 C:/ST/STM32CubeIDE_1.19.0/STM32CubeIDE/plugins/com.st.stm32cube.ide.mcu.externaltools.gnu-tools-for-stm32.13.3.rel1.win32_1.0.0.202411081344/tools/bin/../lib/gcc/arm-none-eabi/13.3.1/thumb/v7e-m+fp/hard/crtbegin.o
                0x08003f48                        PROVIDE (__init_array_end = .)
                0x08003f48                        . = ALIGN (0x4)

.fini_array     0x08003f48        0x4
                0x08003f48                        . = ALIGN (0x4)
                [!provide]                        PROVIDE (__fini_array_start = .)
 *(SORT_BY_NAME(.fini_array.*))
 *(.fini_array*)
 .fini_array    0x08003f48        0x4 C:/ST/STM32CubeIDE_1.19.0/STM32CubeIDE/plugins/com.st.stm32cube.ide.mcu.externaltools.gnu-tools-for-stm32.13.3.rel1.win32_1.0.0.202411081344/tools/bin/../lib/gcc/arm-none-eabi/13.3.1/thumb/v7e-m+fp/hard/crtbegin.o
                [!provide]                        PROVIDE (__fini_array_end = .)
                0x08003f4c                        . = ALIGN (0x4)
                0x08003f4c                        _sidata = LOADADDR (.data)

.rel.dyn        0x08003f4c        0x0
 .rel.iplt      0x08003f4c        0x0 C:/ST/STM32CubeIDE_1.19.0/STM32CubeIDE/plugins/com.st.stm32cube.ide.mcu.externaltools.gnu-tools-for-stm32.13.3.rel1.win32_1.0.0.202411081344/tools/bin/../lib/gcc/arm-none-eabi/13.3.1/thumb/v7e-m+fp/hard/crtbegin.o

.data           0x20000000       0x20 load address 0x08003f4c
                0x20000000                        . = ALIGN (0x4)
                0x20000000                        _sdata = .
 *(.data)
 *(.data*)
 .data.SystemCoreClock
                0x20000000        0x4 ./Core/Src/system_stm32f4xx.o
                0x20000000                SystemCoreClock
 .data.uwTickPrio
                0x20000004        0x4 ./Drivers/STM32F4xx_HAL_Driver/Src/stm32f4xx_hal.o
                0x20000004                uwTickPrio
 .data.uwTickFreq
                0x20000008        0x1 ./Drivers/STM32F4xx_HAL_Driver/Src/stm32f4xx_hal.o
                0x20000008                uwTickFreq
 .data.Stat     0x20000009        0x1 ./FATFS/Target/user_diskio.o
 *fill*         0x2000000a        0x2 
 .data.USER_Driver
                0x2000000c       0x14 ./FATFS/Target/user_diskio.o
                0x2000000c                USER_Driver
 *(.RamFunc)
 *(.RamFunc*)
                0x20000020                        . = ALIGN (0x4)
                0x20000020                        _edata = .
                0x08003f6c                        _siccmram = LOADADDR (.ccmram)

.igot.plt       0x20000020        0x0 load address 0x08003f6c
 .igot.plt      0x20000020        0x0 C:/ST/STM32CubeIDE_1.19.0/STM32CubeIDE/plugins/com.st.stm32cube.ide.mcu.externaltools.gnu-tools-for-stm32.13.3.rel1.win32_1.0.0.202411081344/tools/bin/../lib/gcc/arm-none-eabi/13.3.1/thumb/v7e-m+fp/hard/crtbegin.o

.ccmram         0x10000000        0x0 load address 0x08003f6c
                0x10000000                        . = ALIGN (0x4)
                0x10000000                        _sccmram = .
 *(.ccmram)
 *(.ccmram*)
                0x10000000                        . = ALIGN (0x4)
                0x10000000                        _eccmram = .
                0x10000000                        . = ALIGN (0x4)

.bss            0x20000020      0x4e8
                0x20000020                        _sbss = .
                0x20000020                        __bss_start__ = _sbss
 *(.bss)
 .bss           0x20000020       0x1c C:/ST/STM32CubeIDE_1.19.0/STM32CubeIDE/plugins/com.st.stm32cube.ide.mcu.externaltools.gnu-tools-for-stm32.13.3.rel1.win32_1.0.0.202411081344/tools/bin/../lib/gcc/arm-none-eabi/13.3.1/thumb/v7e-m+fp/hard/crtbegin.o
 *(.bss*)
 .bss.hi2c2     0x2000003c       0x54 ./Core/Src/main.o
                0x2000003c                hi2c2
 .bss.hspi3     0x20000090       0x58 ./Core/Src/main.o
                0x20000090                hspi3
 .bss.SSD1306_Buffer
                0x200000e8      0x400 ./Drivers/OLED/ssd1306.o
 .bss.SSD1306   0x200004e8        0x6 ./Drivers/OLED/ssd1306.o
 *fill*         0x200004ee        0x2 
 .bss.uwTick    0x200004f0        0x4 ./Drivers/STM32F4xx_HAL_Driver/Src/stm32f4xx_hal.o
                0x200004f0                uwTick
 .bss.retUSER   0x200004f4        0x1 ./FATFS/App/fatfs.o
                0x200004f4                retUSER
 *fill*         0x200004f5        0x3 
 .bss.USERPath  0x200004f8        0x4 ./FATFS/App/fatfs.o
                0x200004f8                USERPath
 .bss.disk      0x200004fc        0xc ./Middlewares/Third_Party/FatFs/src/ff_gen_drv.o
                0x200004fc                disk
 *(COMMON)
                0x20000508                        . = ALIGN (0x4)
                0x20000508                        _ebss = .
                0x20000508                        __bss_end__ = _ebss

._user_heap_stack
                0x20000508      0x600
                0x20000508                        . = ALIGN (0x8)
                [!provide]                        PROVIDE (end = .)
                0x20000508                        PROVIDE (_end = .)
                0x20000708                        . = (. + _Min_Heap_Size)
 *fill*         0x20000508      0x200 
                0x20000b08                        . = (. + _Min_Stack_Size)
 *fill*         0x20000708      0x400 
                0x20000b08                        . = ALIGN (0x8)

/DISCARD/
 libc.a(*)
 libm.a(*)
 libgcc.a(*)

.ARM.attributes
                0x00000000       0x30
 *(.ARM.attributes)
 .ARM.attributes
                0x00000000       0x22 C:/ST/STM32CubeIDE_1.19.0/STM32CubeIDE/plugins/com.st.stm32cube.ide.mcu.externaltools.gnu-tools-for-stm32.13.3.rel1.win32_1.0.0.202411081344/tools/bin/../lib/gcc/arm-none-eabi/13.3.1/thumb/v7e-m+fp/hard/crti.o
 .ARM.attributes
                0x00000022       0x34 C:/ST/STM32CubeIDE_1.19.0/STM32CubeIDE/plugins/com.st.stm32cube.ide.mcu.externaltools.gnu-tools-for-stm32.13.3.rel1.win32_1.0.0.202411081344/tools/bin/../lib/gcc/arm-none-eabi/13.3.1/thumb/v7e-m+fp/hard/crtbegin.o
 .ARM.attributes
                0x00000056       0x34 ./Core/Src/main.o
 .ARM.attributes
                0x0000008a       0x34 ./Core/Src/stm32f4xx_hal_msp.o
 .ARM.attributes
                0x000000be       0x34 ./Core/Src/stm32f4xx_it.o
 .ARM.attributes
                0x000000f2       0x34 ./Core/Src/system_stm32f4xx.o
 .ARM.attributes
                0x00000126       0x21 ./Core/Startup/startup_stm32f405rgtx.o
 .ARM.attributes
                0x00000147       0x34 ./Drivers/OLED/ssd1306.o
 .ARM.attributes
                0x0000017b       0x34 ./Drivers/OLED/ssd1306_fonts.o
 .ARM.attributes
                0x000001af       0x34 ./Drivers/STM32F4xx_HAL_Driver/Src/stm32f4xx_hal.o
 .ARM.attributes
                0x000001e3       0x34 ./Drivers/STM32F4xx_HAL_Driver/Src/stm32f4xx_hal_cortex.o
 .ARM.attributes
                0x00000217       0x34 ./Drivers/STM32F4xx_HAL_Driver/Src/stm32f4xx_hal_gpio.o
 .ARM.attributes
                0x0000024b       0x34 ./Drivers/STM32F4xx_HAL_Driver/Src/stm32f4xx_hal_i2c.o
 .ARM.attributes
                0x0000027f       0x34 ./Drivers/STM32F4xx_HAL_Driver/Src/stm32f4xx_hal_rcc.o
 .ARM.attributes
                0x000002b3       0x34 ./Drivers/STM32F4xx_HAL_Driver/Src/stm32f4xx_hal_spi.o
 .ARM.attributes
                0x000002e7       0x34 ./FATFS/App/fatfs.o
 .ARM.attributes
                0x0000031b       0x34 ./FATFS/Target/user_diskio.o
 .ARM.attributes
                0x0000034f       0x34 ./Middlewares/Third_Party/FatFs/src/ff_gen_drv.o
 .ARM.attributes
                0x00000383       0x34 C:/ST/STM32CubeIDE_1.19.0/STM32CubeIDE/plugins/com.st.stm32cube.ide.mcu.externaltools.gnu-tools-for-stm32.13.3.rel1.win32_1.0.0.202411081344/tools/bin/../lib/gcc/arm-none-eabi/13.3.1/../../../../arm-none-eabi/lib/thumb/v7e-m+fp/hard\libc_nano.a(libc_a-memset.o)
 .ARM.attributes
                0x000003b7       0x34 C:/ST/STM32CubeIDE_1.19.0/STM32CubeIDE/plugins/com.st.stm32cube.ide.mcu.externaltools.gnu-tools-for-stm32.13.3.rel1.win32_1.0.0.202411081344/tools/bin/../lib/gcc/arm-none-eabi/13.3.1/../../../../arm-none-eabi/lib/thumb/v7e-m+fp/hard\libc_nano.a(libc_a-init.o)
 .ARM.attributes
                0x000003eb       0x22 C:/ST/STM32CubeIDE_1.19.0/STM32CubeIDE/plugins/com.st.stm32cube.ide.mcu.externaltools.gnu-tools-for-stm32.13.3.rel1.win32_1.0.0.202411081344/tools/bin/../lib/gcc/arm-none-eabi/13.3.1/thumb/v7e-m+fp/hard\libgcc.a(_aeabi_uldivmod.o)
 .ARM.attributes
                0x0000040d       0x34 C:/ST/STM32CubeIDE_1.19.0/STM32CubeIDE/plugins/com.st.stm32cube.ide.mcu.externaltools.gnu-tools-for-stm32.13.3.rel1.win32_1.0.0.202411081344/tools/bin/../lib/gcc/arm-none-eabi/13.3.1/thumb/v7e-m+fp/hard\libgcc.a(_udivmoddi4.o)
 .ARM.attributes
                0x00000441       0x22 C:/ST/STM32CubeIDE_1.19.0/STM32CubeIDE/plugins/com.st.stm32cube.ide.mcu.externaltools.gnu-tools-for-stm32.13.3.rel1.win32_1.0.0.202411081344/tools/bin/../lib/gcc/arm-none-eabi/13.3.1/thumb/v7e-m+fp/hard\libgcc.a(_dvmd_tls.o)
 .ARM.attributes
                0x00000463       0x22 C:/ST/STM32CubeIDE_1.19.0/STM32CubeIDE/plugins/com.st.stm32cube.ide.mcu.externaltools.gnu-tools-for-stm32.13.3.rel1.win32_1.0.0.202411081344/tools/bin/../lib/gcc/arm-none-eabi/13.3.1/thumb/v7e-m+fp/hard/crtn.o
OUTPUT(Seguidor.elf elf32-littlearm)
LOAD linker stubs
LOAD C:/ST/STM32CubeIDE_1.19.0/STM32CubeIDE/plugins/com.st.stm32cube.ide.mcu.externaltools.gnu-tools-for-stm32.13.3.rel1.win32_1.0.0.202411081344/tools/bin/../lib/gcc/arm-none-eabi/13.3.1/../../../../arm-none-eabi/lib/thumb/v7e-m+fp/hard\libc.a
LOAD C:/ST/STM32CubeIDE_1.19.0/STM32CubeIDE/plugins/com.st.stm32cube.ide.mcu.externaltools.gnu-tools-for-stm32.13.3.rel1.win32_1.0.0.202411081344/tools/bin/../lib/gcc/arm-none-eabi/13.3.1/../../../../arm-none-eabi/lib/thumb/v7e-m+fp/hard\libm.a
LOAD C:/ST/STM32CubeIDE_1.19.0/STM32CubeIDE/plugins/com.st.stm32cube.ide.mcu.externaltools.gnu-tools-for-stm32.13.3.rel1.win32_1.0.0.202411081344/tools/bin/../lib/gcc/arm-none-eabi/13.3.1/thumb/v7e-m+fp/hard\libgcc.a

.debug_info     0x00000000     0xa274
 .debug_info    0x00000000      0xfbe ./Core/Src/main.o
 .debug_info    0x00000fbe      0xc2d ./Core/Src/stm32f4xx_hal_msp.o
 .debug_info    0x00001beb      0x112 ./Core/Src/stm32f4xx_it.o
 .debug_info    0x00001cfd      0x512 ./Core/Src/system_stm32f4xx.o
 .debug_info    0x0000220f       0x30 ./Core/Startup/startup_stm32f405rgtx.o
 .debug_info    0x0000223f     0x1283 ./Drivers/OLED/ssd1306.o
 .debug_info    0x000034c2      0x2a4 ./Drivers/OLED/ssd1306_fonts.o
 .debug_info    0x00003766      0x932 ./Drivers/STM32F4xx_HAL_Driver/Src/stm32f4xx_hal.o
 .debug_info    0x00004098      0xd7a ./Drivers/STM32F4xx_HAL_Driver/Src/stm32f4xx_hal_cortex.o
 .debug_info    0x00004e12      0x6c3 ./Drivers/STM32F4xx_HAL_Driver/Src/stm32f4xx_hal_gpio.o
 .debug_info    0x000054d5     0x2415 ./Drivers/STM32F4xx_HAL_Driver/Src/stm32f4xx_hal_i2c.o
 .debug_info    0x000078ea      0x8c3 ./Drivers/STM32F4xx_HAL_Driver/Src/stm32f4xx_hal_rcc.o
 .debug_info    0x000081ad     0x1525 ./Drivers/STM32F4xx_HAL_Driver/Src/stm32f4xx_hal_spi.o
 .debug_info    0x000096d2      0x4fb ./FATFS/App/fatfs.o
 .debug_info    0x00009bcd      0x328 ./FATFS/Target/user_diskio.o
 .debug_info    0x00009ef5      0x37f ./Middlewares/Third_Party/FatFs/src/ff_gen_drv.o

.debug_abbrev   0x00000000     0x1d47
 .debug_abbrev  0x00000000      0x2a6 ./Core/Src/main.o
 .debug_abbrev  0x000002a6      0x1ae ./Core/Src/stm32f4xx_hal_msp.o
 .debug_abbrev  0x00000454       0x73 ./Core/Src/stm32f4xx_it.o
 .debug_abbrev  0x000004c7      0x11a ./Core/Src/system_stm32f4xx.o
 .debug_abbrev  0x000005e1       0x24 ./Core/Startup/startup_stm32f405rgtx.o
 .debug_abbrev  0x00000605      0x357 ./Drivers/OLED/ssd1306.o
 .debug_abbrev  0x0000095c       0xcf ./Drivers/OLED/ssd1306_fonts.o
 .debug_abbrev  0x00000a2b      0x214 ./Drivers/STM32F4xx_HAL_Driver/Src/stm32f4xx_hal.o
 .debug_abbrev  0x00000c3f      0x31d ./Drivers/STM32F4xx_HAL_Driver/Src/stm32f4xx_hal_cortex.o
 .debug_abbrev  0x00000f5c      0x1d4 ./Drivers/STM32F4xx_HAL_Driver/Src/stm32f4xx_hal_gpio.o
 .debug_abbrev  0x00001130      0x2ad ./Drivers/STM32F4xx_HAL_Driver/Src/stm32f4xx_hal_i2c.o
 .debug_abbrev  0x000013dd      0x2b7 ./Drivers/STM32F4xx_HAL_Driver/Src/stm32f4xx_hal_rcc.o
 .debug_abbrev  0x00001694      0x27a ./Drivers/STM32F4xx_HAL_Driver/Src/stm32f4xx_hal_spi.o
 .debug_abbrev  0x0000190e      0x15e ./FATFS/App/fatfs.o
 .debug_abbrev  0x00001a6c      0x13c ./FATFS/Target/user_diskio.o
 .debug_abbrev  0x00001ba8      0x19f ./Middlewares/Third_Party/FatFs/src/ff_gen_drv.o

.debug_aranges  0x00000000      0xa58
 .debug_aranges
                0x00000000       0x48 ./Core/Src/main.o
 .debug_aranges
                0x00000048       0x40 ./Core/Src/stm32f4xx_hal_msp.o
 .debug_aranges
                0x00000088       0x60 ./Core/Src/stm32f4xx_it.o
 .debug_aranges
                0x000000e8       0x28 ./Core/Src/system_stm32f4xx.o
 .debug_aranges
                0x00000110       0x28 ./Core/Startup/startup_stm32f405rgtx.o
 .debug_aranges
                0x00000138       0xe8 ./Drivers/OLED/ssd1306.o
 .debug_aranges
                0x00000220       0x18 ./Drivers/OLED/ssd1306_fonts.o
 .debug_aranges
                0x00000238       0xf0 ./Drivers/STM32F4xx_HAL_Driver/Src/stm32f4xx_hal.o
 .debug_aranges
                0x00000328      0x130 ./Drivers/STM32F4xx_HAL_Driver/Src/stm32f4xx_hal_cortex.o
 .debug_aranges
                0x00000458       0x58 ./Drivers/STM32F4xx_HAL_Driver/Src/stm32f4xx_hal_gpio.o
 .debug_aranges
                0x000004b0      0x2a8 ./Drivers/STM32F4xx_HAL_Driver/Src/stm32f4xx_hal_i2c.o
 .debug_aranges
                0x00000758       0x88 ./Drivers/STM32F4xx_HAL_Driver/Src/stm32f4xx_hal_rcc.o
 .debug_aranges
                0x000007e0      0x1d0 ./Drivers/STM32F4xx_HAL_Driver/Src/stm32f4xx_hal_spi.o
 .debug_aranges
                0x000009b0       0x28 ./FATFS/App/fatfs.o
 .debug_aranges
                0x000009d8       0x40 ./FATFS/Target/user_diskio.o
 .debug_aranges
                0x00000a18       0x40 ./Middlewares/Third_Party/FatFs/src/ff_gen_drv.o

.debug_rnglists
                0x00000000      0x7da
 .debug_rnglists
                0x00000000       0x34 ./Core/Src/main.o
 .debug_rnglists
                0x00000034       0x2d ./Core/Src/stm32f4xx_hal_msp.o
 .debug_rnglists
                0x00000061       0x43 ./Core/Src/stm32f4xx_it.o
 .debug_rnglists
                0x000000a4       0x1a ./Core/Src/system_stm32f4xx.o
 .debug_rnglists
                0x000000be       0x19 ./Core/Startup/startup_stm32f405rgtx.o
 .debug_rnglists
                0x000000d7       0xb4 ./Drivers/OLED/ssd1306.o
 .debug_rnglists
                0x0000018b       0xaf ./Drivers/STM32F4xx_HAL_Driver/Src/stm32f4xx_hal.o
 .debug_rnglists
                0x0000023a       0xe0 ./Drivers/STM32F4xx_HAL_Driver/Src/stm32f4xx_hal_cortex.o
 .debug_rnglists
                0x0000031a       0x3f ./Drivers/STM32F4xx_HAL_Driver/Src/stm32f4xx_hal_gpio.o
 .debug_rnglists
                0x00000359      0x23c ./Drivers/STM32F4xx_HAL_Driver/Src/stm32f4xx_hal_i2c.o
 .debug_rnglists
                0x00000595       0x66 ./Drivers/STM32F4xx_HAL_Driver/Src/stm32f4xx_hal_rcc.o
 .debug_rnglists
                0x000005fb      0x16f ./Drivers/STM32F4xx_HAL_Driver/Src/stm32f4xx_hal_spi.o
 .debug_rnglists
                0x0000076a       0x19 ./FATFS/App/fatfs.o
 .debug_rnglists
                0x00000783       0x2b ./FATFS/Target/user_diskio.o
 .debug_rnglists
                0x000007ae       0x2c ./Middlewares/Third_Party/FatFs/src/ff_gen_drv.o

.debug_macro    0x00000000    0x1fbbc
 .debug_macro   0x00000000      0x390 ./Core/Src/main.o
 .debug_macro   0x00000390      0xad8 ./Core/Src/main.o
 .debug_macro   0x00000e68      0x29b ./Core/Src/main.o
 .debug_macro   0x00001103       0x2e ./Core/Src/main.o
 .debug_macro   0x00001131       0x2f ./Core/Src/main.o
 .debug_macro   0x00001160       0x22 ./Core/Src/main.o
 .debug_macro   0x00001182       0x8e ./Core/Src/main.o
 .debug_macro   0x00001210       0x51 ./Core/Src/main.o
 .debug_macro   0x00001261      0x103 ./Core/Src/main.o
 .debug_macro   0x00001364       0x6a ./Core/Src/main.o
 .debug_macro   0x000013ce      0x1df ./Core/Src/main.o
 .debug_macro   0x000015ad       0x1c ./Core/Src/main.o
 .debug_macro   0x000015c9       0x22 ./Core/Src/main.o
 .debug_macro   0x000015eb       0xfb ./Core/Src/main.o
 .debug_macro   0x000016e6     0x1011 ./Core/Src/main.o
 .debug_macro   0x000026f7      0x11f ./Core/Src/main.o
 .debug_macro   0x00002816    0x1427b ./Core/Src/main.o
 .debug_macro   0x00016a91       0x6d ./Core/Src/main.o
 .debug_macro   0x00016afe     0x3693 ./Core/Src/main.o
 .debug_macro   0x0001a191      0x190 ./Core/Src/main.o
 .debug_macro   0x0001a321       0x5c ./Core/Src/main.o
 .debug_macro   0x0001a37d      0x8bc ./Core/Src/main.o
 .debug_macro   0x0001ac39      0x9e9 ./Core/Src/main.o
 .debug_macro   0x0001b622      0x115 ./Core/Src/main.o
 .debug_macro   0x0001b737      0x130 ./Core/Src/main.o
 .debug_macro   0x0001b867       0xa5 ./Core/Src/main.o
 .debug_macro   0x0001b90c      0x174 ./Core/Src/main.o
 .debug_macro   0x0001ba80      0x287 ./Core/Src/main.o
 .debug_macro   0x0001bd07       0x5f ./Core/Src/main.o
 .debug_macro   0x0001bd66      0x236 ./Core/Src/main.o
 .debug_macro   0x0001bf9c      0x12c ./Core/Src/main.o
 .debug_macro   0x0001c0c8      0x21e ./Core/Src/main.o
 .debug_macro   0x0001c2e6       0x2e ./Core/Src/main.o
 .debug_macro   0x0001c314      0x1b5 ./Core/Src/main.o
 .debug_macro   0x0001c4c9       0xd6 ./Core/Src/main.o
 .debug_macro   0x0001c59f      0x127 ./Core/Src/main.o
 .debug_macro   0x0001c6c6       0x7e ./Core/Src/main.o
 .debug_macro   0x0001c744       0x89 ./Core/Src/main.o
 .debug_macro   0x0001c7cd      0x225 ./Core/Src/main.o
 .debug_macro   0x0001c9f2      0x12d ./Core/Src/main.o
 .debug_macro   0x0001cb1f       0x28 ./Core/Src/main.o
 .debug_macro   0x0001cb47       0xeb ./Core/Src/main.o
 .debug_macro   0x0001cc32       0x2a ./Core/Src/main.o
 .debug_macro   0x0001cc5c       0x61 ./Core/Src/main.o
 .debug_macro   0x0001ccbd       0x43 ./Core/Src/main.o
 .debug_macro   0x0001cd00       0x34 ./Core/Src/main.o
 .debug_macro   0x0001cd34       0x16 ./Core/Src/main.o
 .debug_macro   0x0001cd4a       0x3c ./Core/Src/main.o
 .debug_macro   0x0001cd86      0x370 ./Core/Src/main.o
 .debug_macro   0x0001d0f6       0x16 ./Core/Src/main.o
 .debug_macro   0x0001d10c       0x4a ./Core/Src/main.o
 .debug_macro   0x0001d156       0x34 ./Core/Src/main.o
 .debug_macro   0x0001d18a       0x10 ./Core/Src/main.o
 .debug_macro   0x0001d19a       0x58 ./Core/Src/main.o
 .debug_macro   0x0001d1f2       0x8e ./Core/Src/main.o
 .debug_macro   0x0001d280       0x1c ./Core/Src/main.o
 .debug_macro   0x0001d29c      0x185 ./Core/Src/main.o
 .debug_macro   0x0001d421       0x16 ./Core/Src/main.o
 .debug_macro   0x0001d437       0x29 ./Core/Src/main.o
 .debug_macro   0x0001d460       0x12 ./Core/Src/main.o
 .debug_macro   0x0001d472       0xe2 ./Core/Src/main.o
 .debug_macro   0x0001d554       0x8e ./Core/Src/main.o
 .debug_macro   0x0001d5e2       0x52 ./Core/Src/main.o
 .debug_macro   0x0001d634       0x40 ./Core/Src/main.o
 .debug_macro   0x0001d674       0x16 ./Core/Src/main.o
 .debug_macro   0x0001d68a       0x20 ./Core/Src/main.o
 .debug_macro   0x0001d6aa       0x1c ./Core/Src/main.o
 .debug_macro   0x0001d6c6       0x10 ./Core/Src/main.o
 .debug_macro   0x0001d6d6       0x1c ./Core/Src/main.o
 .debug_macro   0x0001d6f2       0x16 ./Core/Src/main.o
 .debug_macro   0x0001d708      0x146 ./Core/Src/main.o
 .debug_macro   0x0001d84e      0x1e3 ./Core/Src/stm32f4xx_hal_msp.o
 .debug_macro   0x0001da31      0x1ed ./Core/Src/stm32f4xx_it.o
 .debug_macro   0x0001dc1e      0x1d4 ./Core/Src/system_stm32f4xx.o
 .debug_macro   0x0001ddf2      0x2ff ./Drivers/OLED/ssd1306.o
 .debug_macro   0x0001e0f1       0x28 ./Drivers/OLED/ssd1306.o
 .debug_macro   0x0001e119      0x19b ./Drivers/OLED/ssd1306.o
 .debug_macro   0x0001e2b4      0x22a ./Drivers/OLED/ssd1306_fonts.o
 .debug_macro   0x0001e4de      0x234 ./Drivers/STM32F4xx_HAL_Driver/Src/stm32f4xx_hal.o
 .debug_macro   0x0001e712      0x1d4 ./Drivers/STM32F4xx_HAL_Driver/Src/stm32f4xx_hal_cortex.o
 .debug_macro   0x0001e8e6      0x1da ./Drivers/STM32F4xx_HAL_Driver/Src/stm32f4xx_hal_gpio.o
 .debug_macro   0x0001eac0      0x222 ./Drivers/STM32F4xx_HAL_Driver/Src/stm32f4xx_hal_i2c.o
 .debug_macro   0x0001ece2      0x1f8 ./Drivers/STM32F4xx_HAL_Driver/Src/stm32f4xx_hal_rcc.o
 .debug_macro   0x0001eeda      0x1e3 ./Drivers/STM32F4xx_HAL_Driver/Src/stm32f4xx_hal_spi.o
 .debug_macro   0x0001f0bd      0x308 ./FATFS/App/fatfs.o
 .debug_macro   0x0001f3c5       0xe5 ./FATFS/App/fatfs.o
 .debug_macro   0x0001f4aa      0x325 ./FATFS/Target/user_diskio.o
 .debug_macro   0x0001f7cf       0x10 ./FATFS/Target/user_diskio.o
 .debug_macro   0x0001f7df       0x16 ./FATFS/Target/user_diskio.o
 .debug_macro   0x0001f7f5       0x7c ./FATFS/Target/user_diskio.o
 .debug_macro   0x0001f871       0x56 ./FATFS/Target/user_diskio.o
 .debug_macro   0x0001f8c7      0x2f5 ./Middlewares/Third_Party/FatFs/src/ff_gen_drv.o

.debug_line     0x00000000     0xe28f
 .debug_line    0x00000000      0xb50 ./Core/Src/main.o
 .debug_line    0x00000b50      0x7e0 ./Core/Src/stm32f4xx_hal_msp.o
 .debug_line    0x00001330      0x7f4 ./Core/Src/stm32f4xx_it.o
 .debug_line    0x00001b24      0x7bb ./Core/Src/system_stm32f4xx.o
 .debug_line    0x000022df       0x7a ./Core/Startup/startup_stm32f405rgtx.o
 .debug_line    0x00002359     0x11a3 ./Drivers/OLED/ssd1306.o
 .debug_line    0x000034fc      0x840 ./Drivers/OLED/ssd1306_fonts.o
 .debug_line    0x00003d3c      0xa37 ./Drivers/STM32F4xx_HAL_Driver/Src/stm32f4xx_hal.o
 .debug_line    0x00004773      0xd07 ./Drivers/STM32F4xx_HAL_Driver/Src/stm32f4xx_hal_cortex.o
 .debug_line    0x0000547a      0xb8f ./Drivers/STM32F4xx_HAL_Driver/Src/stm32f4xx_hal_gpio.o
 .debug_line    0x00006009     0x3ae4 ./Drivers/STM32F4xx_HAL_Driver/Src/stm32f4xx_hal_i2c.o
 .debug_line    0x00009aed      0xe44 ./Drivers/STM32F4xx_HAL_Driver/Src/stm32f4xx_hal_rcc.o
 .debug_line    0x0000a931     0x1cd2 ./Drivers/STM32F4xx_HAL_Driver/Src/stm32f4xx_hal_spi.o
 .debug_line    0x0000c603      0x938 ./FATFS/App/fatfs.o
 .debug_line    0x0000cf3b      0x993 ./FATFS/Target/user_diskio.o
 .debug_line    0x0000d8ce      0x9c1 ./Middlewares/Third_Party/FatFs/src/ff_gen_drv.o

.debug_str      0x00000000    0xbae84
 .debug_str     0x00000000    0xbae84 ./Core/Src/main.o
                              0xb7dc1 (size before relaxing)
 .debug_str     0x000bae84    0xb39c9 ./Core/Src/stm32f4xx_hal_msp.o
 .debug_str     0x000bae84    0xb31bc ./Core/Src/stm32f4xx_it.o
 .debug_str     0x000bae84    0xb324b ./Core/Src/system_stm32f4xx.o
 .debug_str     0x000bae84       0x9d ./Core/Startup/startup_stm32f405rgtx.o
 .debug_str     0x000bae84    0xb776f ./Drivers/OLED/ssd1306.o
 .debug_str     0x000bae84    0xb36cf ./Drivers/OLED/ssd1306_fonts.o
 .debug_str     0x000bae84    0xb3dae ./Drivers/STM32F4xx_HAL_Driver/Src/stm32f4xx_hal.o
 .debug_str     0x000bae84    0xb3b2a ./Drivers/STM32F4xx_HAL_Driver/Src/stm32f4xx_hal_cortex.o
 .debug_str     0x000bae84    0xb33c6 ./Drivers/STM32F4xx_HAL_Driver/Src/stm32f4xx_hal_gpio.o
 .debug_str     0x000bae84    0xb4269 ./Drivers/STM32F4xx_HAL_Driver/Src/stm32f4xx_hal_i2c.o
 .debug_str     0x000bae84    0xb367f ./Drivers/STM32F4xx_HAL_Driver/Src/stm32f4xx_hal_rcc.o
 .debug_str     0x000bae84    0xb3b09 ./Drivers/STM32F4xx_HAL_Driver/Src/stm32f4xx_hal_spi.o
 .debug_str     0x000bae84    0xb6b7c ./FATFS/App/fatfs.o
 .debug_str     0x000bae84    0xb6aed ./FATFS/Target/user_diskio.o
 .debug_str     0x000bae84    0xb6acf ./Middlewares/Third_Party/FatFs/src/ff_gen_drv.o

.comment        0x00000000       0x43
 .comment       0x00000000       0x43 ./Core/Src/main.o
                                 0x44 (size before relaxing)
 .comment       0x00000043       0x44 ./Core/Src/stm32f4xx_hal_msp.o
 .comment       0x00000043       0x44 ./Core/Src/stm32f4xx_it.o
 .comment       0x00000043       0x44 ./Core/Src/system_stm32f4xx.o
 .comment       0x00000043       0x44 ./Drivers/OLED/ssd1306.o
 .comment       0x00000043       0x44 ./Drivers/OLED/ssd1306_fonts.o
 .comment       0x00000043       0x44 ./Drivers/STM32F4xx_HAL_Driver/Src/stm32f4xx_hal.o
 .comment       0x00000043       0x44 ./Drivers/STM32F4xx_HAL_Driver/Src/stm32f4xx_hal_cortex.o
 .comment       0x00000043       0x44 ./Drivers/STM32F4xx_HAL_Driver/Src/stm32f4xx_hal_gpio.o
 .comment       0x00000043       0x44 ./Drivers/STM32F4xx_HAL_Driver/Src/stm32f4xx_hal_i2c.o
 .comment       0x00000043       0x44 ./Drivers/STM32F4xx_HAL_Driver/Src/stm32f4xx_hal_rcc.o
 .comment       0x00000043       0x44 ./Drivers/STM32F4xx_HAL_Driver/Src/stm32f4xx_hal_spi.o
 .comment       0x00000043       0x44 ./FATFS/App/fatfs.o
 .comment       0x00000043       0x44 ./FATFS/Target/user_diskio.o
 .comment       0x00000043       0x44 ./Middlewares/Third_Party/FatFs/src/ff_gen_drv.o

.debug_frame    0x00000000     0x29d0
 .debug_frame   0x00000000       0xc8 ./Core/Src/main.o
 .debug_frame   0x000000c8       0xc8 ./Core/Src/stm32f4xx_hal_msp.o
 .debug_frame   0x00000190      0x104 ./Core/Src/stm32f4xx_it.o
 .debug_frame   0x00000294       0x58 ./Core/Src/system_stm32f4xx.o
 .debug_frame   0x000002ec      0x3e4 ./Drivers/OLED/ssd1306.o
 .debug_frame   0x000006d0      0x374 ./Drivers/STM32F4xx_HAL_Driver/Src/stm32f4xx_hal.o
 .debug_frame   0x00000a44      0x508 ./Drivers/STM32F4xx_HAL_Driver/Src/stm32f4xx_hal_cortex.o
 .debug_frame   0x00000f4c      0x14c ./Drivers/STM32F4xx_HAL_Driver/Src/stm32f4xx_hal_gpio.o
 .debug_frame   0x00001098      0xc84 ./Drivers/STM32F4xx_HAL_Driver/Src/stm32f4xx_hal_i2c.o
 .debug_frame   0x00001d1c      0x1f4 ./Drivers/STM32F4xx_HAL_Driver/Src/stm32f4xx_hal_rcc.o
 .debug_frame   0x00001f10      0x828 ./Drivers/STM32F4xx_HAL_Driver/Src/stm32f4xx_hal_spi.o
 .debug_frame   0x00002738       0x4c ./FATFS/App/fatfs.o
 .debug_frame   0x00002784       0xd8 ./FATFS/Target/user_diskio.o
 .debug_frame   0x0000285c       0xc8 ./Middlewares/Third_Party/FatFs/src/ff_gen_drv.o
 .debug_frame   0x00002924       0x20 C:/ST/STM32CubeIDE_1.19.0/STM32CubeIDE/plugins/com.st.stm32cube.ide.mcu.externaltools.gnu-tools-for-stm32.13.3.rel1.win32_1.0.0.202411081344/tools/bin/../lib/gcc/arm-none-eabi/13.3.1/../../../../arm-none-eabi/lib/thumb/v7e-m+fp/hard\libc_nano.a(libc_a-memset.o)
 .debug_frame   0x00002944       0x2c C:/ST/STM32CubeIDE_1.19.0/STM32CubeIDE/plugins/com.st.stm32cube.ide.mcu.externaltools.gnu-tools-for-stm32.13.3.rel1.win32_1.0.0.202411081344/tools/bin/../lib/gcc/arm-none-eabi/13.3.1/../../../../arm-none-eabi/lib/thumb/v7e-m+fp/hard\libc_nano.a(libc_a-init.o)
 .debug_frame   0x00002970       0x2c C:/ST/STM32CubeIDE_1.19.0/STM32CubeIDE/plugins/com.st.stm32cube.ide.mcu.externaltools.gnu-tools-for-stm32.13.3.rel1.win32_1.0.0.202411081344/tools/bin/../lib/gcc/arm-none-eabi/13.3.1/thumb/v7e-m+fp/hard\libgcc.a(_aeabi_uldivmod.o)
 .debug_frame   0x0000299c       0x34 C:/ST/STM32CubeIDE_1.19.0/STM32CubeIDE/plugins/com.st.stm32cube.ide.mcu.externaltools.gnu-tools-for-stm32.13.3.rel1.win32_1.0.0.202411081344/tools/bin/../lib/gcc/arm-none-eabi/13.3.1/thumb/v7e-m+fp/hard\libgcc.a(_udivmoddi4.o)

.debug_line_str
                0x00000000       0x81
 .debug_line_str
                0x00000000       0x81 ./Core/Startup/startup_stm32f405rgtx.o
